###############################################################################
#
# IAR ELF Linker V8.40.1.212/W32 for ARM                  20/Nov/2019  18:12:45
# Copyright 2007-2019 IAR Systems AB.
#
#    Output file  =
#        D:\UTFPR\2019-2\Sistemas
#        Embarcados\EK-TM4C1294_RTOS_IAR8\Projects\lab3\Debug\Exe\lab3.out
#    Map file     =
#        D:\UTFPR\2019-2\Sistemas
#        Embarcados\EK-TM4C1294_RTOS_IAR8\Projects\lab3\Debug\List\lab3.map
#    Command line =
#        -f C:\Users\JULIOC~1\AppData\Local\Temp\EWD0B5.tmp
#        ("D:\UTFPR\2019-2\Sistemas
#        Embarcados\EK-TM4C1294_RTOS_IAR8\Projects\lab3\Debug\Obj\driverleds.o"
#        "D:\UTFPR\2019-2\Sistemas
#        Embarcados\EK-TM4C1294_RTOS_IAR8\TivaWare_C_Series-2.1.4.178\driverlib\ewarm\Exe\driverlib.a"
#        "D:\UTFPR\2019-2\Sistemas
#        Embarcados\EK-TM4C1294_RTOS_IAR8\Projects\lab3\Debug\Obj\main.o"
#        "D:\UTFPR\2019-2\Sistemas
#        Embarcados\EK-TM4C1294_RTOS_IAR8\CMSIS-5.6.0\CMSIS\RTOS2\RTX\Library\IAR\IDE\CM4F\Exe\RTX_CM.a"
#        "D:\UTFPR\2019-2\Sistemas
#        Embarcados\EK-TM4C1294_RTOS_IAR8\Projects\lab3\Debug\Obj\RTX_Config.o"
#        "D:\UTFPR\2019-2\Sistemas
#        Embarcados\EK-TM4C1294_RTOS_IAR8\Projects\lab3\Debug\Obj\rtx_lib.o"
#        "D:\UTFPR\2019-2\Sistemas
#        Embarcados\EK-TM4C1294_RTOS_IAR8\Projects\lab3\Debug\Obj\startup_TM4C1294.o"
#        "D:\UTFPR\2019-2\Sistemas
#        Embarcados\EK-TM4C1294_RTOS_IAR8\Projects\lab3\Debug\Obj\system_TM4C1294_TW.o"
#        "D:\UTFPR\2019-2\Sistemas
#        Embarcados\EK-TM4C1294_RTOS_IAR8\Projects\lab3\Debug\Obj\uartstdio.o"
#        --no_out_extension -o "D:\UTFPR\2019-2\Sistemas
#        Embarcados\EK-TM4C1294_RTOS_IAR8\Projects\lab3\Debug\Exe\lab3.out"
#        --map "D:\UTFPR\2019-2\Sistemas
#        Embarcados\EK-TM4C1294_RTOS_IAR8\Projects\lab3\Debug\List\lab3.map"
#        --config "C:\Program Files (x86)\IAR Systems\Embedded Workbench
#        8.3\arm\config\linker\TexasInstruments\TM4C1294NC.icf" --semihosting
#        --entry __iar_program_start --vfe --text_out locale)
#
###############################################################################

*******************************************************************************
*** RUNTIME MODEL ATTRIBUTES
***

CppFlavor       = *
__SystemLibrary = DLib
__dlib_version  = 6


*******************************************************************************
*** HEAP SELECTION
***

The basic heap was selected because some modules are built with
size limitations (and not runtime checking), and --advanced_heap
was not specified.


*******************************************************************************
*** PLACEMENT SUMMARY
***

"A0":  place at address 0x0 { ro section .intvec };
"P1":  place in [from 0x0 to 0xf'ffff] { ro };
define block CSTACK with size = 32K, alignment = 8 { };
define block HEAP with size = 64K, alignment = 8 { };
"P2":  place in [from 0x2000'0000 to 0x2003'ffff] {
          rw, block CSTACK, block HEAP };
initialize by copy { rw };

  Section               Kind         Address    Size  Object
  -------               ----         -------    ----  ------
"A0":                                          0x3c0
  .intvec               ro code          0x0   0x3c0  startup_TM4C1294.o [1]
                                     - 0x3c0   0x3c0

"P1":                                         0x35e5
  .text                 ro code        0x3c0   0x9d0  rtx_thread.o [2]
  .text                 ro code        0xd90     0x2  rtx_evr.o [2]
  .text                 ro code        0xd92     0x2  rtx_evr.o [2]
  .text                 ro code        0xd94     0x2  rtx_evr.o [2]
  .text                 ro code        0xd96     0x2  rtx_evr.o [2]
  .text                 ro code        0xd98     0x2  rtx_evr.o [2]
  .text                 ro code        0xd9a     0x2  rtx_evr.o [2]
  .text                 ro code        0xd9c     0x2  rtx_evr.o [2]
  .text                 ro code        0xd9e     0x2  rtx_evr.o [2]
  .text                 ro code        0xda0     0x2  rtx_evr.o [2]
  .text                 ro code        0xda2     0x2  rtx_evr.o [2]
  .text                 ro code        0xda4     0x2  rtx_evr.o [2]
  .text                 ro code        0xda6     0x2  rtx_evr.o [2]
  .text                 ro code        0xda8     0x2  rtx_evr.o [2]
  .text                 ro code        0xdaa    0x3a  zero_init3.o [6]
  .text                 ro code        0xde4    0xe6  rtx_mempool.o [2]
  .text                 ro code        0xeca     0x2  rtx_evr.o [2]
  .text                 ro code        0xecc    0x82  rtx_memory.o [2]
  .text                 ro code        0xf4e     0x2  RTX_Config.o [1]
  .text                 ro code        0xf50     0x6  ABImemclr4.o [6]
  .text                 ro code        0xf56     0x2  rtx_evr.o [2]
  .text                 ro code        0xf58    0x4a  rtx_memory.o [2]
  .text                 ro code        0xfa2     0x2  startup_TM4C1294.o [1]
  .text                 ro code        0xfa4    0x52  rtx_mutex.o [2]
  .text                 ro code        0xff6     0x2  rtx_evr.o [2]
  .text                 ro code        0xff8     0x2  rtx_evr.o [2]
  .text                 ro code        0xffa     0x2  rtx_evr.o [2]
  .text                 ro code        0xffc     0x2  rtx_evr.o [2]
  .text                 ro code        0xffe     0x2  rtx_evr.o [2]
  .text                 ro code       0x1000     0x2  rtx_evr.o [2]
  .text                 ro code       0x1002     0x2  rtx_evr.o [2]
  .text                 ro code       0x1004     0x2  rtx_evr.o [2]
  .text                 ro code       0x1006     0x2  rtx_evr.o [2]
  .text                 ro code       0x1008   0x174  rtx_system.o [2]
  .text                 ro code       0x117c     0x2  rtx_evr.o [2]
  .text                 ro code       0x117e    0x20  RTX_Config.o [1]
  .text                 ro code       0x119e     0x2  rtx_evr.o [2]
  .text                 ro code       0x11a0     0x2  rtx_evr.o [2]
  .text                 ro code       0x11a2     0x2  rtx_evr.o [2]
  .text                 ro code       0x11a4     0x2  rtx_evr.o [2]
  .text                 ro code       0x11a8    0x32  ABImemset48.o [6]
  .text                 ro code       0x11da     0x2  rtx_evr.o [2]
  .text                 ro code       0x11dc     0x2  rtx_evr.o [2]
  .text                 ro code       0x11de     0x2  rtx_evr.o [2]
  .text                 ro code       0x11e0     0xc  os_systick.o [2]
  .text                 ro code       0x11ec   0x61c  rtx_msgqueue.o [2]
  .text                 ro code       0x1808    0xa6  ABImemcpy.o [6]
  .text                 ro code       0x18ae     0x2  rtx_evr.o [2]
  .text                 ro code       0x18b0     0x2  rtx_evr.o [2]
  .text                 ro code       0x18b2     0x2  rtx_evr.o [2]
  .text                 ro code       0x18b4     0x6  ABImemclr.o [6]
  .text                 ro code       0x18ba     0x2  rtx_evr.o [2]
  .text                 ro code       0x18bc     0x2  rtx_evr.o [2]
  .text                 ro code       0x18be     0x2  rtx_evr.o [2]
  .text                 ro code       0x18c0     0x2  rtx_evr.o [2]
  .text                 ro code       0x18c2     0x2  rtx_evr.o [2]
  .text                 ro code       0x18c4     0x2  rtx_evr.o [2]
  .text                 ro code       0x18c6     0x2  rtx_evr.o [2]
  .text                 ro code       0x18c8     0x2  rtx_evr.o [2]
  .text                 ro code       0x18ca     0x2  rtx_evr.o [2]
  .text                 ro code       0x18cc    0x5e  ABImemset.o [6]
  .text                 ro code       0x192c   0x518  uartstdio.o [1]
  .text                 ro code       0x1e44    0xec  interrupt.o [4]
  .text                 ro code       0x1f30   0x114  uart.o [4]
  .text                 ro code       0x2044   0x2ac  sysctl.o [4]
  .text                 ro code       0x22f0    0x10  cpu.o [4]
  .text                 ro code       0x2300   0x4e0  main.o [1]
  .text                 ro code       0x27e0   0x270  gpio.o [4]
  .text                 ro code       0x2a50    0x86  pwm.o [4]
  .text                 ro code       0x2ad8   0x162  adc.o [4]
  .text                 ro code       0x2c3c    0x5a  qei.o [4]
  .text                 ro code       0x2c98   0x13c  driverleds.o [1]
  .text                 ro code       0x2dd4   0x2c8  rtx_kernel.o [2]
  .text                 ro code       0x309c    0xdc  rtx_delay.o [2]
  .text                 ro code       0x3178    0x20  system_TM4C1294_TW.o [1]
  .text                 ro code       0x3198    0x20  fpu.o [4]
  .text                 ro code       0x31b8     0x2  rtx_evr.o [2]
  .text                 ro code       0x31ba    0x44  rtx_memory.o [2]
  .text                 ro code       0x31fe     0x2  rtx_evr.o [2]
  .text                 ro code       0x3200     0x2  rtx_evr.o [2]
  .text                 ro code       0x3204    0x40  os_systick.o [2]
  .text                 ro code       0x3244     0x6  os_systick.o [2]
  .text                 ro code       0x324c    0x2c  os_systick.o [2]
  .text                 ro code       0x3278     0x2  rtx_evr.o [2]
  .text                 ro code       0x327a     0x2  rtx_lib.o [1]
  .text                 ro code       0x327c     0x2  rtx_evr.o [2]
  .text                 ro code       0x327e     0x2  rtx_evr.o [2]
  .text                 ro code       0x3280     0x2  rtx_evr.o [2]
  .text                 ro code       0x3282     0x2  rtx_evr.o [2]
  .text                 ro code       0x3284     0x2  rtx_evr.o [2]
  .text                 ro code       0x3286     0x2  rtx_evr.o [2]
  .text                 ro code       0x3288     0x2  rtx_evr.o [2]
  .text                 ro code       0x328a     0x2  rtx_evr.o [2]
  .text                 ro code       0x328c     0x2  rtx_evr.o [2]
  .rodata               const         0x3290   0x1b0  sysctl.o [4]
  .text                 ro code       0x3440    0xd4  rtx_timer.o [2]
  .text                 ro code       0x3514     0x2  rtx_evr.o [2]
  .text                 ro code       0x3518    0xc4  irq_cm4f.o [2]
  .rodata               const         0x35dc    0x90  gpio.o [4]
  .rodata               const         0x366c    0x6c  sysctl.o [4]
  .rodata               const         0x36d8    0x68  rtx_lib.o [1]
  .text                 ro code       0x3740    0x38  packbits_init_single.o [6]
  .rodata               const         0x3778    0x30  main.o [1]
  .rodata               const         0x37a8    0x30  sysctl.o [4]
  .rodata               const         0x37d8    0x2c  main.o [1]
  .text                 ro code       0x3804    0x28  data_init.o [6]
  .rodata               const         0x382c    0x24  main.o [1]
  .rodata               const         0x3850    0x24  rtx_lib.o [1]
  .rodata               const         0x3874    0x24  rtx_lib.o [1]
  .iar.init_table       const         0x3898    0x20  - Linker created -
  .text                 ro code       0x38b8    0x1e  cmain.o [6]
  .text                 ro code       0x38d6     0x4  low_level_init.o [3]
  .text                 ro code       0x38da     0x4  exit.o [3]
  .text                 ro code       0x38e0     0xa  cexit.o [6]
  .text                 ro code       0x38ec    0x14  exit.o [7]
  .rodata               const         0x3900    0x18  main.o [1]
  .rodata               const         0x3918    0x18  rtx_lib.o [1]
  .rodata               const         0x3930    0x14  uartstdio.o [1]
  .text                 ro code       0x3944    0x14  startup_TM4C1294.o [1]
  .rodata               const         0x3958     0xc  uartstdio.o [1]
  .rodata               const         0x3964     0xc  uartstdio.o [1]
  .rodata               const         0x3970     0xc  uartstdio.o [1]
  .text                 ro code       0x397c     0xc  cstartup_M.o [6]
  .rodata               const         0x3988     0x8  uartstdio.o [1]
  .rodata               const         0x3990     0x4  rtx_lib.o [1]
  .rodata               const         0x3994     0x4  uartstdio.o [1]
  .rodata               const         0x3998     0x0  zero_init3.o [6]
  .rodata               const         0x3998     0x0  packbits_init_single.o [6]
  Initializer bytes     const         0x3998     0xd  <for P2-1>
                                    - 0x39a5  0x35e5

"P2", part 1 of 3:                              0xa4
  P2-1                           0x2000'0000    0xa4  <Init block>
    .data.os            inited   0x2000'0000    0xa4  rtx_kernel.o [2]
                               - 0x2000'00a4    0xa4

"P2", part 2 of 3:                            0x1824
  .bss.os               zero     0x2000'00a8  0x1000  rtx_lib.o [1]
  .bss                  zero     0x2000'10a8   0x400  uartstdio.o [1]
  .bss.os.thread.stack  zero     0x2000'14a8   0x100  rtx_lib.o [1]
  .bss.os.thread.stack  zero     0x2000'15a8   0x100  rtx_lib.o [1]
  .bss                  zero     0x2000'16a8    0x80  uartstdio.o [1]
  .bss.os.msgqueue.mem  zero     0x2000'1728    0x50  rtx_lib.o [1]
  .bss.os.thread.cb     zero     0x2000'1778    0x44  rtx_lib.o [1]
  .bss.os.thread.cb     zero     0x2000'17bc    0x44  rtx_lib.o [1]
  .bss.os               zero     0x2000'1800    0x40  rtx_lib.o [1]
  .bss.os.msgqueue.cb   zero     0x2000'1840    0x34  rtx_lib.o [1]
  .bss                  zero     0x2000'1874     0x4  main.o [1]
  .bss                  zero     0x2000'1878     0x4  main.o [1]
  .bss                  zero     0x2000'187c     0x4  main.o [1]
  .bss                  zero     0x2000'1880     0x4  main.o [1]
  .bss                  zero     0x2000'1884     0x4  main.o [1]
  .bss                  zero     0x2000'1888     0x4  main.o [1]
  .bss                  zero     0x2000'188c     0x4  main.o [1]
  .bss                  zero     0x2000'1890     0x4  main.o [1]
  .bss                  zero     0x2000'1894     0x4  main.o [1]
  .bss                  zero     0x2000'1898     0x4  main.o [1]
  .bss                  zero     0x2000'189c     0x4  main.o [1]
  .bss                  zero     0x2000'18a0     0x4  main.o [1]
  .bss                  zero     0x2000'18a4     0x4  main.o [1]
  .bss                  zero     0x2000'18a8     0x4  uartstdio.o [1]
  .bss                  zero     0x2000'18ac     0x4  uartstdio.o [1]
  .bss                  zero     0x2000'18b0     0x4  uartstdio.o [1]
  .bss                  zero     0x2000'18b4     0x4  uartstdio.o [1]
  .bss                  zero     0x2000'18b8     0x4  uartstdio.o [1]
  .bss                  zero     0x2000'18bc     0x4  uartstdio.o [1]
  .bss                  zero     0x2000'18c0     0x2  main.o [1]
  .bss                  zero     0x2000'18c2     0x1  main.o [1]
  .bss                  zero     0x2000'18c3     0x1  main.o [1]
  .bss                  zero     0x2000'18c4     0x1  uartstdio.o [1]
  .bss                  zero     0x2000'18c5     0x1  uartstdio.o [1]
  .bss                  zero     0x2000'18c6     0x1  os_systick.o [2]
                               - 0x2000'18c7  0x1823

"P2", part 3 of 3:                            0x8008
  .noinit               uninit   0x2000'18c8     0x4  system_TM4C1294_TW.o [1]
  CSTACK                         0x2000'18d0  0x8000  <Block>
    CSTACK              uninit   0x2000'18d0  0x8000  <Block tail>
                               - 0x2000'98d0  0x8008

Unused ranges:

         From           To      Size
         ----           --      ----
       0x39a5     0xf'ffff  0xf'c65b
  0x2000'98d0  0x2003'ffff  0x3'6730


*******************************************************************************
*** INIT TABLE
***

          Address      Size
          -------      ----
Zero (__iar_zero_init3)
    1 destination range, total size 0x181f:
          0x2000'00a8  0x181f

Copy/packbits (__iar_packbits_init_single3)
    1 source range, total size 0xd (7% of destination):
               0x3998     0xd
    1 destination range, total size 0xa4:
          0x2000'0000    0xa4



*******************************************************************************
*** MODULE SUMMARY
***

    Module                  ro code  ro data  rw data
    ------                  -------  -------  -------
command line/config:
    -------------------------------------------------
    Total:

D:\UTFPR\2019-2\Sistemas Embarcados\EK-TM4C1294_RTOS_IAR8\Projects\lab3\Debug\Obj: [1]
    RTX_Config.o                 34
    driverleds.o                316
    main.o                    1'248      152       56
    rtx_lib.o                     2      204    4'940
    startup_TM4C1294.o          982
    system_TM4C1294_TW.o         32                 4
    uartstdio.o               1'304       68    1'178
    -------------------------------------------------
    Total:                    3'918      424    6'178

RTX_CM.a: [2]
    irq_cm4f.o                  196
    os_systick.o                126                 1
    rtx_delay.o                 220
    rtx_evr.o                   116
    rtx_kernel.o                712       13      164
    rtx_memory.o                272
    rtx_mempool.o               230
    rtx_msgqueue.o            1'564
    rtx_mutex.o                  82
    rtx_system.o                372
    rtx_thread.o              2'512
    rtx_timer.o                 212
    -------------------------------------------------
    Total:                    6'614       13      165

dl7M_tln.a: [3]
    exit.o                        4
    low_level_init.o              4
    -------------------------------------------------
    Total:                        8

driverlib.a: [4]
    adc.o                       354
    cpu.o                        16
    fpu.o                        32
    gpio.o                      624      144
    interrupt.o                 236
    pwm.o                       134
    qei.o                        90
    sysctl.o                    684      588
    uart.o                      276
    -------------------------------------------------
    Total:                    2'446      732

m7M_tls.a: [5]
    -------------------------------------------------
    Total:

rt7M_tl.a: [6]
    ABImemclr.o                   6
    ABImemclr4.o                  6
    ABImemcpy.o                 166
    ABImemset.o                  94
    ABImemset48.o                50
    cexit.o                      10
    cmain.o                      30
    cstartup_M.o                 12
    data_init.o                  40
    packbits_init_single.o       56
    zero_init3.o                 58
    -------------------------------------------------
    Total:                      528

shb_l.a: [7]
    exit.o                       20
    -------------------------------------------------
    Total:                       20

    Gaps                         20        2        4
    Linker created                        32   32'768
-----------------------------------------------------
    Grand Total:             13'554    1'203   39'115


*******************************************************************************
*** ENTRY LIST
***

Entry                       Address    Size  Type      Object
-----                       -------    ----  ----      ------
.iar.init_table$$Base        0x3898           --   Gb  - Linker created -
.iar.init_table$$Limit       0x38b8           --   Gb  - Linker created -
?main                        0x38b9          Code  Gb  cmain.o [6]
ADCInit                      0x2477    0x38  Code  Gb  main.o [1]
ADCIntStatus                 0x2ad9    0x2c  Code  Gb  adc.o [4]
ADCProcessorTrigger          0x2c15    0x1c  Code  Gb  adc.o [4]
ADCSequenceConfigure         0x2b0b    0x54  Code  Gb  adc.o [4]
ADCSequenceDataGet           0x2bed    0x28  Code  Gb  adc.o [4]
ADCSequenceEnable            0x2b05     0x6  Code  Gb  adc.o [4]
ADCSequenceStepConfigure
                             0x2b5f    0x76  Code  Gb  adc.o [4]
CPUcpsid                     0x22f1     0x8  Code  Gb  cpu.o [4]
CPUcpsie                     0x22f9     0x8  Code  Gb  cpu.o [4]
CSTACK$$Base            0x2000'18d0           --   Gb  - Linker created -
CSTACK$$Limit           0x2000'98d0           --   Gb  - Linker created -
Communication                0x2651    0x4c  Code  Gb  main.o [1]
Communication_t         0x2000'18a0     0x4  Data  Gb  main.o [1]
ControlInit                  0x269d    0x10  Code  Gb  main.o [1]
ControlInit_t           0x2000'18a4     0x4  Data  Gb  main.o [1]
D                       0x2000'1890     0x4  Data  Gb  main.o [1]
EvrRtxDelay                  0x3289     0x2  Code  Wk  rtx_evr.o [2]
EvrRtxDelayCompleted          0xd91     0x2  Code  Wk  rtx_evr.o [2]
EvrRtxDelayError             0x3285     0x2  Code  Wk  rtx_evr.o [2]
EvrRtxDelayStarted           0x3283     0x2  Code  Wk  rtx_evr.o [2]
EvrRtxDelayUntil             0x328b     0x2  Code  Wk  rtx_evr.o [2]
EvrRtxDelayUntilStarted
                             0x3287     0x2  Code  Wk  rtx_evr.o [2]
EvrRtxEventFlagsWaitTimeout
                              0xd95     0x2  Code  Wk  rtx_evr.o [2]
EvrRtxKernelError            0x31b9     0x2  Code  Wk  rtx_evr.o [2]
EvrRtxKernelGetState         0x3201     0x2  Code  Wk  rtx_evr.o [2]
EvrRtxKernelGetTickCount
                             0x3281     0x2  Code  Wk  rtx_evr.o [2]
EvrRtxKernelInitialize       0x327d     0x2  Code  Wk  rtx_evr.o [2]
EvrRtxKernelInitialized
                             0x31ff     0x2  Code  Wk  rtx_evr.o [2]
EvrRtxKernelStart            0x327f     0x2  Code  Wk  rtx_evr.o [2]
EvrRtxKernelStarted          0x3279     0x2  Code  Wk  rtx_evr.o [2]
EvrRtxMemoryAlloc            0x11a5     0x2  Code  Wk  rtx_evr.o [2]
EvrRtxMemoryBlockAlloc       0x11a1     0x2  Code  Wk  rtx_evr.o [2]
EvrRtxMemoryBlockFree        0x11a3     0x2  Code  Wk  rtx_evr.o [2]
EvrRtxMemoryBlockInit        0x119f     0x2  Code  Wk  rtx_evr.o [2]
EvrRtxMemoryFree             0x11db     0x2  Code  Wk  rtx_evr.o [2]
EvrRtxMemoryInit             0x328d     0x2  Code  Wk  rtx_evr.o [2]
EvrRtxMemoryPoolAllocTimeout
                              0xd9b     0x2  Code  Wk  rtx_evr.o [2]
EvrRtxMessageQueueCreated
                             0x18bb     0x2  Code  Wk  rtx_evr.o [2]
EvrRtxMessageQueueError
                             0x18b3     0x2  Code  Wk  rtx_evr.o [2]
EvrRtxMessageQueueGet        0x18cb     0x2  Code  Wk  rtx_evr.o [2]
EvrRtxMessageQueueGetPending
                             0x18c1     0x2  Code  Wk  rtx_evr.o [2]
EvrRtxMessageQueueGetTimeout
                              0xd9d     0x2  Code  Wk  rtx_evr.o [2]
EvrRtxMessageQueueInsertPending
                             0x18c9     0x2  Code  Wk  rtx_evr.o [2]
EvrRtxMessageQueueInserted
                             0x18af     0x2  Code  Wk  rtx_evr.o [2]
EvrRtxMessageQueueNew        0x18c5     0x2  Code  Wk  rtx_evr.o [2]
EvrRtxMessageQueueNotInserted
                             0x18bf     0x2  Code  Wk  rtx_evr.o [2]
EvrRtxMessageQueueNotRetrieved
                             0x18c3     0x2  Code  Wk  rtx_evr.o [2]
EvrRtxMessageQueuePut        0x18c7     0x2  Code  Wk  rtx_evr.o [2]
EvrRtxMessageQueuePutPending
                             0x18bd     0x2  Code  Wk  rtx_evr.o [2]
EvrRtxMessageQueuePutTimeout
                              0xd9f     0x2  Code  Wk  rtx_evr.o [2]
EvrRtxMessageQueueRetrieved
                             0x18b1     0x2  Code  Wk  rtx_evr.o [2]
EvrRtxMutexAcquireTimeout
                              0xd97     0x2  Code  Wk  rtx_evr.o [2]
EvrRtxMutexAcquired          0x11df     0x2  Code  Wk  rtx_evr.o [2]
EvrRtxMutexReleased          0x11dd     0x2  Code  Wk  rtx_evr.o [2]
EvrRtxSemaphoreAcquireTimeout
                              0xd99     0x2  Code  Wk  rtx_evr.o [2]
EvrRtxThreadBlocked           0xda7     0x2  Code  Wk  rtx_evr.o [2]
EvrRtxThreadCreated           0xf57     0x2  Code  Wk  rtx_evr.o [2]
EvrRtxThreadDestroyed         0xff9     0x2  Code  Wk  rtx_evr.o [2]
EvrRtxThreadError             0xecb     0x2  Code  Wk  rtx_evr.o [2]
EvrRtxThreadExit             0x1005     0x2  Code  Wk  rtx_evr.o [2]
EvrRtxThreadFlagsError        0xffb     0x2  Code  Wk  rtx_evr.o [2]
EvrRtxThreadFlagsSet         0x1007     0x2  Code  Wk  rtx_evr.o [2]
EvrRtxThreadFlagsSetDone
                              0xffd     0x2  Code  Wk  rtx_evr.o [2]
EvrRtxThreadFlagsWait        0x117d     0x2  Code  Wk  rtx_evr.o [2]
EvrRtxThreadFlagsWaitCompleted
                              0xda9     0x2  Code  Wk  rtx_evr.o [2]
EvrRtxThreadFlagsWaitNotCompleted
                             0x1001     0x2  Code  Wk  rtx_evr.o [2]
EvrRtxThreadFlagsWaitPending
                              0xfff     0x2  Code  Wk  rtx_evr.o [2]
EvrRtxThreadFlagsWaitTimeout
                              0xd93     0x2  Code  Wk  rtx_evr.o [2]
EvrRtxThreadJoined            0xff7     0x2  Code  Wk  rtx_evr.o [2]
EvrRtxThreadNew              0x1003     0x2  Code  Wk  rtx_evr.o [2]
EvrRtxThreadPreempted         0xda3     0x2  Code  Wk  rtx_evr.o [2]
EvrRtxThreadSwitched          0xda5     0x2  Code  Wk  rtx_evr.o [2]
EvrRtxThreadUnblocked         0xda1     0x2  Code  Wk  rtx_evr.o [2]
EvrRtxTimerCallback          0x3515     0x2  Code  Wk  rtx_evr.o [2]
FPUEnable                    0x3199     0xc  Code  Gb  fpu.o [4]
FPULazyStackingEnable        0x31a5     0xc  Code  Gb  fpu.o [4]
GPIODirModeSet               0x27e1    0x28  Code  Gb  gpio.o [4]
GPIOInit                     0x2365    0xc4  Code  Gb  main.o [1]
GPIOIntClear                 0x295d     0x8  Code  Gb  gpio.o [4]
GPIOIntEnable                0x2957     0x6  Code  Gb  gpio.o [4]
GPIOIntTypeSet               0x2809    0x4c  Code  Gb  gpio.o [4]
GPIOJ_Handler                0x2515    0x22  Code  Gb  main.o [1]
GPIOPadConfigSet             0x2855   0x102  Code  Gb  gpio.o [4]
GPIOPinConfigure             0x2a07    0x36  Code  Gb  gpio.o [4]
GPIOPinTypeADC               0x296d     0x4  Code  Gb  gpio.o [4]
GPIOPinTypeGPIOInput         0x298b    0x14  Code  Gb  gpio.o [4]
GPIOPinTypeGPIOOutput        0x299f     0xa  Code  Gb  gpio.o [4]
GPIOPinTypePWM               0x29bb    0x14  Code  Gb  gpio.o [4]
GPIOPinTypeQEI               0x29d7    0x14  Code  Gb  gpio.o [4]
GPIOPinTypeUART              0x29eb    0x14  Code  Gb  gpio.o [4]
GPIOPinWrite                 0x2965     0x8  Code  Gb  gpio.o [4]
I                       0x2000'188c     0x4  Data  Gb  main.o [1]
IntDisable                   0x1ea5    0x46  Code  Gb  interrupt.o [4]
IntEnable                    0x1e5d    0x46  Code  Gb  interrupt.o [4]
IntMasterDisable             0x1e4d     0x6  Code  Gb  interrupt.o [4]
IntMasterEnable              0x1e45     0x8  Code  Gb  interrupt.o [4]
IsBufferEmpty                0x1949    0x12  Code  Lc  uartstdio.o [1]
IsBufferFull                 0x192d    0x1c  Code  Lc  uartstdio.o [1]
LEDInit                      0x2c99    0xc6  Code  Gb  driverleds.o [1]
LEDWrite                     0x2d5f    0x64  Code  Gb  driverleds.o [1]
MessageQueueGet              0x1239    0x40  Code  Lc  rtx_msgqueue.o [2]
MessageQueuePut              0x11ed    0x4a  Code  Lc  rtx_msgqueue.o [2]
MessageQueueRemove           0x1279    0x1a  Code  Lc  rtx_msgqueue.o [2]
OS_Tick_AcknowledgeIRQ       0x11e1     0xc  Code  Wk  os_systick.o [2]
OS_Tick_Enable               0x324d    0x2c  Code  Wk  os_systick.o [2]
OS_Tick_GetIRQn              0x3245     0x6  Code  Wk  os_systick.o [2]
OS_Tick_Setup                0x3205    0x40  Code  Wk  os_systick.o [2]
P                       0x2000'1888     0x4  Data  Gb  main.o [1]
PIDControl                   0x2537    0xae  Code  Gb  main.o [1]
PIDControl_t            0x2000'1898     0x4  Data  Gb  main.o [1]
PIDValue                0x2000'1894     0x4  Data  Gb  main.o [1]
PWMGenConfigure              0x2a51    0x2e  Code  Gb  pwm.o [4]
PWMGenEnable                 0x2a93     0xc  Code  Gb  pwm.o [4]
PWMGenPeriodSet              0x2a7f    0x14  Code  Gb  pwm.o [4]
PWMInit                      0x2429    0x4e  Code  Gb  main.o [1]
PWMOutputState               0x2ac3    0x14  Code  Gb  pwm.o [4]
PWMPulseWidthSet             0x2a9f    0x24  Code  Gb  pwm.o [4]
PendST                  0x2000'18c6     0x1  Data  Lc  os_systick.o [2]
PendSV_Handler               0x35b1          Code  Gb  irq_cm4f.o [2]
PotRead                      0x24ef    0x26  Code  Gb  main.o [1]
PotValue                0x2000'1874     0x4  Data  Gb  main.o [1]
PulseCount                   0x25e5    0x6c  Code  Gb  main.o [1]
PulseCount_t            0x2000'189c     0x4  Data  Gb  main.o [1]
QEIConfigure                 0x2c47    0x10  Code  Gb  qei.o [4]
QEIDirectionGet              0x2c63    0x12  Code  Gb  qei.o [4]
QEIEnable                    0x2c3d     0xa  Code  Gb  qei.o [4]
QEIInit                      0x24af    0x40  Code  Gb  main.o [1]
QEIPositionGet               0x2c57     0x6  Code  Gb  qei.o [4]
QEIPositionSet               0x2c5d     0x6  Code  Gb  qei.o [4]
QEIVelocityConfigure         0x2c7f    0x12  Code  Gb  qei.o [4]
QEIVelocityEnable            0x2c75     0xa  Code  Gb  qei.o [4]
QEIVelocityGet               0x2c91     0x6  Code  Gb  qei.o [4]
Region$$Table$$Base          0x3898           --   Gb  - Linker created -
Region$$Table$$Limit         0x38b8           --   Gb  - Linker created -
SVC_Handler                  0x3519          Code  Gb  irq_cm4f.o [2]
SysCtlClockFreqSet           0x20af   0x1fc  Code  Gb  sysctl.o [4]
SysCtlPeripheralEnable       0x2091     0x8  Code  Gb  sysctl.o [4]
SysCtlPeripheralPresent
                             0x2065     0xa  Code  Gb  sysctl.o [4]
SysCtlPeripheralReady        0x206f     0x8  Code  Gb  sysctl.o [4]
SysTick_Handler              0x35c1          Code  Gb  irq_cm4f.o [2]
SystemCoreClock         0x2000'18c8     0x4  Data  Gb  system_TM4C1294_TW.o [1]
SystemInit                   0x3179    0x10  Code  Gb  system_TM4C1294_TW.o [1]
ThreadFlagsCheck              0x3c1    0x6c  Code  Lc  rtx_thread.o [2]
TimerInsert                  0x3441    0x38  Code  Lc  rtx_timer.o [2]
UART0_Handler                0x235d     0x8  Code  Gb  main.o [1]
UARTCharGetNonBlocking       0x1ff7    0x14  Code  Gb  uart.o [4]
UARTCharPutNonBlocking       0x200b    0x16  Code  Gb  uart.o [4]
UARTCharsAvail               0x1fdf     0x8  Code  Gb  uart.o [4]
UARTConfigSetExpClk          0x1f39    0x5c  Code  Gb  uart.o [4]
UARTDisable                  0x1faf    0x22  Code  Gb  uart.o [4]
UARTEnable                   0x1f95    0x1a  Code  Gb  uart.o [4]
UARTFIFOLevelSet             0x1f31     0x8  Code  Gb  uart.o [4]
UARTFlushRx                  0x1c99    0x1c  Code  Gb  uartstdio.o [1]
UARTFlushTx                  0x1cb5    0x30  Code  Gb  uartstdio.o [1]
UARTInit                     0x2301    0x5c  Code  Gb  main.o [1]
UARTIntClear                 0x203f     0x6  Code  Gb  uart.o [4]
UARTIntDisable               0x2027     0x4  Code  Gb  uart.o [4]
UARTIntEnable                0x2021     0x6  Code  Gb  uart.o [4]
UARTIntStatus                0x2033     0xc  Code  Gb  uart.o [4]
UARTPrimeTransmit            0x195b    0x6a  Code  Lc  uartstdio.o [1]
UARTSpaceAvail               0x1fe7     0x6  Code  Gb  uart.o [4]
UARTStdioConfig              0x19c5    0x7e  Code  Gb  uartstdio.o [1]
UARTStdioIntHandler          0x1ce9   0x116  Code  Gb  uartstdio.o [1]
UARTStdioIntHandler::bLastWasCR
                        0x2000'18c5     0x1  Data  Lc  uartstdio.o [1]
UARTprintf                   0x1c8b     0xe  Code  Gb  uartstdio.o [1]
UARTvprintf                  0x1ad5   0x1b6  Code  Gb  uartstdio.o [1]
UARTwrite                    0x1a43    0x92  Code  Gb  uartstdio.o [1]
_SysCtlMemTimingGet          0x2045    0x20  Code  Lc  sysctl.o [4]
__Vectors                       0x0           --   Gb  startup_TM4C1294.o [1]
__Vectors_End                 0x3c0          Data  Gb  startup_TM4C1294.o [1]
__Vectors_Size {Abs}          0x3c0           --   Gb  startup_TM4C1294.o [1]
__aeabi_memclr               0x18b5          Code  Gb  ABImemclr.o [6]
__aeabi_memclr4               0xf51          Code  Gb  ABImemclr4.o [6]
__aeabi_memcpy               0x1809          Code  Gb  ABImemcpy.o [6]
__aeabi_memcpy4              0x1829          Code  Gb  ABImemcpy.o [6]
__aeabi_memcpy8              0x1829          Code  Gb  ABImemcpy.o [6]
__cmain                      0x38b9          Code  Gb  cmain.o [6]
__exit                       0x38ed    0x14  Code  Gb  exit.o [7]
__iar_Memset4_word           0x11a9          Code  Gb  ABImemset48.o [6]
__iar_Memset8_word           0x11a9          Code  Gb  ABImemset48.o [6]
__iar_Memset_word            0x18cd          Code  Gb  ABImemset.o [6]
__iar_data_init3             0x3805    0x28  Code  Gb  data_init.o [6]
__iar_init_vfp               0x394d          Code  Wk  startup_TM4C1294.o [1]
__iar_packbits_init_single3
                             0x3741    0x38  Code  Gb  packbits_init_single.o [6]
__iar_program_start          0x397d          Code  Gb  cstartup_M.o [6]
__iar_zero_init3              0xdab    0x3a  Code  Gb  zero_init3.o [6]
__low_level_init             0x38d7     0x4  Code  Gb  low_level_init.o [3]
__vector_table                  0x0          Data  Gb  startup_TM4C1294.o [1]
__vector_table_0x1c            0x1c          Data  Gb  startup_TM4C1294.o [1]
_call_main                   0x38c5          Code  Gb  cmain.o [6]
_exit                        0x38e1          Code  Gb  cexit.o [6]
_main                        0x38d3          Code  Gb  cmain.o [6]
direction               0x2000'18c2     0x1  Data  Gb  main.o [1]
error                   0x2000'1880     0x4  Data  Gb  main.o [1]
exit                         0x38db     0x4  Code  Gb  exit.o [3]
g_bDisableEcho          0x2000'18c4     0x1  Data  Lc  uartstdio.o [1]
g_pcHex                      0x3994     0x4  Data  Lc  uartstdio.o [1]
g_pcUARTRxBuffer        0x2000'16a8    0x80  Data  Lc  uartstdio.o [1]
g_pcUARTTxBuffer        0x2000'10a8   0x400  Data  Lc  uartstdio.o [1]
g_pppui32XTALtoVCO           0x3290   0x1b0  Data  Lc  sysctl.o [4]
g_pui32Dii16Regs             0x1f1c    0x14  Data  Lc  interrupt.o [4]
g_pui32EnRegs                0x1f08    0x14  Data  Lc  interrupt.o [4]
g_pui32GPIOBaseAddrs         0x35dc    0x90  Data  Lc  gpio.o [4]
g_pui32VCOFrequencies        0x22e8     0x8  Data  Lc  sysctl.o [4]
g_pui32Xtals                 0x366c    0x6c  Data  Lc  sysctl.o [4]
g_sXTALtoMEMTIM              0x37a8    0x30  Data  Lc  sysctl.o [4]
g_ui32Base              0x2000'18b8     0x4  Data  Lc  uartstdio.o [1]
g_ui32PortNum           0x2000'18bc     0x4  Data  Lc  uartstdio.o [1]
g_ui32UARTBase               0x3958     0xc  Data  Lc  uartstdio.o [1]
g_ui32UARTInt                0x3964     0xc  Data  Lc  uartstdio.o [1]
g_ui32UARTPeriph             0x3970     0xc  Data  Lc  uartstdio.o [1]
g_ui32UARTRxReadIndex   0x2000'18b4     0x4  Data  Lc  uartstdio.o [1]
g_ui32UARTRxWriteIndex  0x2000'18b0     0x4  Data  Lc  uartstdio.o [1]
g_ui32UARTTxReadIndex   0x2000'18ac     0x4  Data  Lc  uartstdio.o [1]
g_ui32UARTTxWriteIndex  0x2000'18a8     0x4  Data  Lc  uartstdio.o [1]
main                         0x26ad    0x78  Code  Gb  main.o [1]
osDelay                      0x30fd    0x38  Code  Gb  rtx_delay.o [2]
osDelayUntil                 0x3135    0x38  Code  Gb  rtx_delay.o [2]
osKernelGetState             0x2fd1    0x40  Code  Gb  rtx_kernel.o [2]
osKernelGetTickCount         0x3045    0x20  Code  Gb  rtx_kernel.o [2]
osKernelInitialize           0x2f99    0x38  Code  Gb  rtx_kernel.o [2]
osKernelStart                0x3011    0x34  Code  Gb  rtx_kernel.o [2]
osMessageQueueGet            0x1765    0x90  Code  Gb  rtx_msgqueue.o [2]
osMessageQueueNew            0x168d    0x3e  Code  Gb  rtx_msgqueue.o [2]
osMessageQueuePut            0x16cd    0x98  Code  Gb  rtx_msgqueue.o [2]
osRtxConfig                  0x36d8    0x68  Data  Gb  rtx_lib.o [1]
osRtxErrorNotify             0x117f    0x20  Code  Wk  RTX_Config.o [1]
osRtxIdleThread               0xf4f     0x2  Code  Wk  RTX_Config.o [1]
osRtxInfo               0x2000'0000    0xa4  Data  Gb  rtx_kernel.o [2]
osRtxKernelPreInit           0x327b     0x2  Code  Gb  rtx_lib.o [1]
osRtxMemoryAlloc              0xecd    0x82  Code  Wk  rtx_memory.o [2]
osRtxMemoryFree               0xf59    0x4a  Code  Wk  rtx_memory.o [2]
osRtxMemoryInit              0x31bb    0x44  Code  Wk  rtx_memory.o [2]
osRtxMemoryPoolAlloc          0xe31    0x44  Code  Gb  rtx_mempool.o [2]
osRtxMemoryPoolFree           0xe75    0x56  Code  Gb  rtx_mempool.o [2]
osRtxMemoryPoolInit           0xde5    0x4a  Code  Gb  rtx_mempool.o [2]
osRtxMessageQueuePostProcess
                             0x1293    0xe6  Code  Lc  rtx_msgqueue.o [2]
osRtxMutexOwnerRelease        0xfa5    0x52  Code  Gb  rtx_mutex.o [2]
osRtxPendSV_Handler          0x1079    0x8a  Code  Gb  rtx_system.o [2]
osRtxPostProcess             0x1105    0x6e  Code  Gb  rtx_system.o [2]
osRtxThreadBlock              0x629    0x34  Code  Lc  rtx_thread.o [2]
osRtxThreadDelayInsert        0x481    0x62  Code  Lc  rtx_thread.o [2]
osRtxThreadDelayRemove        0x4e3    0x44  Code  Lc  rtx_thread.o [2]
osRtxThreadDelayTick          0x527    0xee  Code  Gb  rtx_thread.o [2]
osRtxThreadDispatch           0x679    0x54  Code  Gb  rtx_thread.o [2]
osRtxThreadFree               0x967    0x56  Code  Lc  rtx_thread.o [2]
osRtxThreadListGet            0x44f    0x14  Code  Gb  rtx_thread.o [2]
osRtxThreadListPut            0x42d    0x22  Code  Gb  rtx_thread.o [2]
osRtxThreadListRemove         0x463    0x16  Code  Gb  rtx_thread.o [2]
osRtxThreadPostProcess        0x741    0x54  Code  Lc  rtx_thread.o [2]
osRtxThreadReadyPut           0x479     0x8  Code  Gb  rtx_thread.o [2]
osRtxThreadRegPtr             0x615    0x14  Code  Gb  rtx_thread.o [2]
osRtxThreadStartup            0xbf3    0x30  Code  Gb  rtx_thread.o [2]
osRtxThreadSwitch             0x65d    0x1c  Code  Gb  rtx_thread.o [2]
osRtxThreadWaitEnter          0x707    0x3a  Code  Gb  rtx_thread.o [2]
osRtxThreadWaitExit           0x6d3    0x2e  Code  Gb  rtx_thread.o [2]
osRtxTick_Handler            0x1009    0x6e  Code  Gb  rtx_system.o [2]
osRtxTimerThread             0x34d1    0x44  Code  Wk  rtx_timer.o [2]
osRtxTimerTick               0x3479    0x54  Code  Lc  rtx_timer.o [2]
osRtxUserSVC                 0x3990     0x4  Data  Wk  rtx_lib.o [1]
osThreadExit                  0xc6d    0x16  Code  Gb  rtx_thread.o [2]
osThreadFlagsSet              0xc91    0x7a  Code  Gb  rtx_thread.o [2]
osThreadFlagsWait             0xd0d    0x42  Code  Gb  rtx_thread.o [2]
osThreadNew                   0xc25    0x40  Code  Gb  rtx_thread.o [2]
os_idle_thread_attr          0x3850    0x24  Data  Lc  rtx_lib.o [1]
os_idle_thread_cb       0x2000'1778    0x44  Data  Lc  rtx_lib.o [1]
os_idle_thread_stack    0x2000'14a8   0x100  Data  Lc  rtx_lib.o [1]
os_isr_queue            0x2000'1800    0x40  Data  Lc  rtx_lib.o [1]
os_mem                  0x2000'00a8  0x1000  Data  Lc  rtx_lib.o [1]
os_timer_mq_attr             0x3918    0x18  Data  Lc  rtx_lib.o [1]
os_timer_mq_cb          0x2000'1840    0x34  Data  Lc  rtx_lib.o [1]
os_timer_mq_data        0x2000'1728    0x50  Data  Lc  rtx_lib.o [1]
os_timer_thread_attr         0x3874    0x24  Data  Lc  rtx_lib.o [1]
os_timer_thread_cb      0x2000'17bc    0x44  Data  Lc  rtx_lib.o [1]
os_timer_thread_stack   0x2000'15a8   0x100  Data  Lc  rtx_lib.o [1]
prev_error              0x2000'1884     0x4  Data  Gb  main.o [1]
qei_dir                 0x2000'187c     0x4  Data  Gb  main.o [1]
qei_vel                 0x2000'1878     0x4  Data  Gb  main.o [1]
setpoint                0x2000'18c0     0x2  Data  Gb  main.o [1]
svcRtxDelay                  0x309d    0x24  Code  Lc  rtx_delay.o [2]
svcRtxDelayUntil             0x30c1    0x3c  Code  Lc  rtx_delay.o [2]
svcRtxKernelGetState         0x2eeb    0x12  Code  Lc  rtx_kernel.o [2]
svcRtxKernelGetTickCount
                             0x2f93     0x4  Code  Lc  rtx_kernel.o [2]
svcRtxKernelInitialize       0x2dd5   0x116  Code  Lc  rtx_kernel.o [2]
svcRtxKernelStart            0x2efd    0x96  Code  Lc  rtx_kernel.o [2]
svcRtxMessageQueueGet        0x157d    0xe8  Code  Lc  rtx_msgqueue.o [2]
svcRtxMessageQueueNew        0x1379   0x130  Code  Lc  rtx_msgqueue.o [2]
svcRtxMessageQueuePut        0x14a9    0xd4  Code  Lc  rtx_msgqueue.o [2]
svcRtxThreadExit              0x9bd    0x8e  Code  Lc  rtx_thread.o [2]
svcRtxThreadFlagsSet          0xa4d    0x9c  Code  Lc  rtx_thread.o [2]
svcRtxThreadFlagsWait         0xaed   0x106  Code  Lc  rtx_thread.o [2]
svcRtxThreadNew               0x795   0x1cc  Code  Lc  rtx_thread.o [2]
velocity                0x2000'18c3     0x1  Data  Gb  main.o [1]


[1] = D:\UTFPR\2019-2\Sistemas Embarcados\EK-TM4C1294_RTOS_IAR8\Projects\lab3\Debug\Obj
[2] = RTX_CM.a
[3] = dl7M_tln.a
[4] = driverlib.a
[5] = m7M_tls.a
[6] = rt7M_tl.a
[7] = shb_l.a

  13'554 bytes of readonly  code memory
   1'203 bytes of readonly  data memory
  39'115 bytes of readwrite data memory

Errors: none
Warnings: none
